2025-04-28 07:40:24: Starting long-running task: example-task (duration: 60s)
2025-04-28 07:40:24: Task example-task progress: 0/60
2025-04-28 07:40:29: Task example-task progress: 5/60
2025-04-28 07:40:34: Task example-task progress: 10/60
2025-04-28 07:40:39: Task example-task progress: 15/60
2025-04-28 07:40:44: Task example-task progress: 20/60
2025-04-28 07:40:49: Task example-task progress: 25/60
2025-04-28 07:40:54: Task example-task progress: 30/60
2025-04-28 07:40:59: Task example-task progress: 35/60
2025-04-28 07:41:04: Task example-task progress: 40/60
2025-04-28 07:41:09: Task example-task progress: 45/60
2025-04-28 07:41:14: Task example-task progress: 50/60
2025-04-28 07:41:19: Task example-task progress: 55/60
2025-04-28 07:41:24: Task example-task completed successfully
2025-04-28 07:41:47: Starting long-running task: test-task (duration: 5s)
2025-04-28 07:41:47: Task test-task progress: 0/5
2025-04-28 07:41:52: Task test-task completed successfully
2025-04-28 07:42:32: Starting long-running task: example-task (duration: 60s)
2025-04-28 07:42:32: Task example-task progress: 0/60
2025-04-28 07:42:37: Task example-task progress: 5/60
2025-04-28 07:42:42: Task example-task progress: 10/60
2025-04-28 07:42:47: Task example-task progress: 15/60
2025-04-28 07:42:52: Task example-task progress: 20/60
2025-04-28 07:42:56: Starting long-running task: example-task (duration: 60s)
2025-04-28 07:42:56: Task example-task progress: 0/60
2025-04-28 07:42:57: Task example-task progress: 25/60
2025-04-28 07:43:01: Task example-task progress: 5/60
2025-04-28 07:43:02: Task example-task progress: 30/60
2025-04-28 07:43:06: Task example-task progress: 10/60
2025-04-28 07:43:07: Task example-task progress: 35/60
2025-04-28 07:43:11: Task example-task progress: 15/60
2025-04-28 07:43:12: Task example-task progress: 40/60
2025-04-28 07:43:16: Task example-task progress: 20/60
2025-04-28 07:43:17: Task example-task progress: 45/60
2025-04-28 07:43:21: Task example-task progress: 25/60
2025-04-28 07:43:22: Task example-task progress: 50/60
2025-04-28 07:43:26: Task example-task progress: 30/60
2025-04-28 07:43:27: Task example-task progress: 55/60
2025-04-28 07:43:31: Task example-task progress: 35/60
2025-04-28 07:43:32: Task example-task completed successfully
2025-04-28 07:43:36: Task example-task progress: 40/60
2025-04-28 07:43:41: Task example-task progress: 45/60
2025-04-28 07:43:46: Task example-task progress: 50/60
2025-04-28 07:43:51: Task example-task progress: 55/60
2025-04-28 07:43:56: Task example-task completed successfully
2025-04-28 07:56:11: Starting long-running task: example-task (duration: 60s)
2025-04-28 07:56:11: Task example-task progress: 0/60
2025-04-28 07:56:16: Task example-task progress: 5/60
2025-04-28 07:56:21: Task example-task progress: 10/60
